Drill report for KOMETA.kicad_pcb
Created on 2025-12-03T13:23:01+0300

Copper Layer Stackup:
    =============================================================
    L1 :  F.Cu                      front
    L2 :  B.Cu                      back


Drill file 'KOMETA-PTH-drl.gbr' contains
    plated through holes:
    =============================================================
    T1  0.300mm  0.0118"  (55 holes)
    T2  0.800mm  0.0315"  (4 holes)
    T3  1.500mm  0.0591"  (48 holes)
    T4  2.000mm  0.0787"  (12 holes)
    T5  4.500mm  0.1772"  (1 hole)

    Total plated holes count 120


Drill file 'KOMETA-NPTH-drl.gbr' contains
    unplated through holes:
    =============================================================
    T1  0.500mm  0.0197"  (60 holes)
    T2  0.600mm  0.0236"  (4 holes)
    T3  0.700mm  0.0276"  (4 holes)
    T4  1.700mm  0.0669"  (84 holes)
    T5  1.900mm  0.0748"  (42 holes)
    T6  3.010mm  0.1185"  (84 holes)
    T7  5.050mm  0.1988"  (42 holes)

    Total unplated holes count 320
